### bunx vite build (build step isolated from the DB-gated pre-steps)
Warning: Route file "C:/Users/laich/Documents/FIMMICK ClientOps/ui-delight-maker/src/routes/__tests__/route-query-keys.test.ts" does not export a Route. This file will not be included in the route tree.

If this file is not intended to be a route, you can exclude it using one of these options:
  1. Rename the file to "C:\Users\laich\Documents\FIMMICK ClientOps\ui-delight-maker\src\routes\__tests__\-route-query-keys.test.ts" (prefix with "-")
  2. Use 'routeFileIgnorePattern' in your config to match this file

Current configuration:
  routeFileIgnorePrefix: "-"
  routeFileIgnorePattern: undefined
Warning: Route file "C:/Users/laich/Documents/FIMMICK ClientOps/ui-delight-maker/src/routes/__tests__/route-query-keys.test.ts" does not export a Route. This file will not be included in the route tree.

If this file is not intended to be a route, you can exclude it using one of these options:
  1. Rename the file to "C:\Users\laich\Documents\FIMMICK ClientOps\ui-delight-maker\src\routes\__tests__\-route-query-keys.test.ts" (prefix with "-")
  2. Use 'routeFileIgnorePattern' in your config to match this file

Current configuration:
  routeFileIgnorePrefix: "-"
  routeFileIgnorePattern: undefined
Warning: Route file "C:/Users/laich/Documents/FIMMICK ClientOps/ui-delight-maker/src/routes/__tests__/route-query-keys.test.ts" does not export a Route. This file will not be included in the route tree.

If this file is not intended to be a route, you can exclude it using one of these options:
  1. Rename the file to "C:\Users\laich\Documents\FIMMICK ClientOps\ui-delight-maker\src\routes\__tests__\-route-query-keys.test.ts" (prefix with "-")
  2. Use 'routeFileIgnorePattern' in your config to match this file

Current configuration:
  routeFileIgnorePrefix: "-"
  routeFileIgnorePattern: undefined
[36mvite v7.3.5 [32mbuilding client environment for production...[36m[39m
transforming...
[32m✓[39m 4881 modules transformed.
rendering chunks...
computing gzip size...
[2mdist/client/[22m[32m.vite/manifest.json                               [39m[1m[2m 50.05 kB[22m[1m[22m[2m │ gzip:   4.70 kB[22m
[2mdist/client/[22m[35massets/styles-lPnz5-hG.css                        [39m[1m[2m160.91 kB[22m[1m[22m[2m │ gzip:  25.93 kB[22m
[2mdist/client/[22m[36massets/index-BdQq_4o_.js                          [39m[1m[2m  0.06 kB[22m[1m[22m[2m │ gzip:   0.08 kB[22m
[2mdist/client/[22m[36massets/check-CIX2mSby.js                          [39m[1m[2m  0.13 kB[22m[1m[22m[2m │ gzip:   0.14 kB[22m
[2mdist/client/[22m[36massets/chevron-down-CH8vxvY9.js                   [39m[1m[2m  0.13 kB[22m[1m[22m[2m │ gzip:   0.14 kB[22m
[2mdist/client/[22m[36massets/chevron-left-BSu9EPhE.js                   [39m[1m[2m  0.13 kB[22m[1m[22m[2m │ gzip:   0.15 kB[22m
[2mdist/client/[22m[36massets/chevron-right-DBe3Kbl_.js                  [39m[1m[2m  0.13 kB[22m[1m[22m[2m │ gzip:   0.14 kB[22m
[2mdist/client/[22m[36massets/plus-D-cLkYUQ.js                           [39m[1m[2m  0.15 kB[22m[1m[22m[2m │ gzip:   0.15 kB[22m
[2mdist/client/[22m[36massets/arrow-right-CPLZc4jg.js                    [39m[1m[2m  0.17 kB[22m[1m[22m[2m │ gzip:   0.16 kB[22m
[2mdist/client/[22m[36massets/arrow-left-BEQUmA_P.js                     [39m[1m[2m  0.17 kB[22m[1m[22m[2m │ gzip:   0.16 kB[22m
[2mdist/client/[22m[36massets/arrow-up-right-B_lNeC0b.js                 [39m[1m[2m  0.17 kB[22m[1m[22m[2m │ gzip:   0.16 kB[22m
[2mdist/client/[22m[36massets/leads._id-CRyhyO6r.js                      [39m[1m[2m  0.17 kB[22m[1m[22m[2m │ gzip:   0.16 kB[22m
[2mdist/client/[22m[36massets/arrow-down-right-CP120RUO.js               [39m[1m[2m  0.17 kB[22m[1m[22m[2m │ gzip:   0.17 kB[22m
[2mdist/client/[22m[36massets/circle-check-C2OzyEob.js                   [39m[1m[2m  0.18 kB[22m[1m[22m[2m │ gzip:   0.17 kB[22m
[2mdist/client/[22m[36massets/routing-utils-DVTENvGx.js                  [39m[1m[2m  0.18 kB[22m[1m[22m[2m │ gzip:   0.17 kB[22m
[2mdist/client/[22m[36massets/login._authPath-BDo4_HQw.js                [39m[1m[2m  0.20 kB[22m[1m[22m[2m │ gzip:   0.17 kB[22m
[2mdist/client/[22m[36massets/user-m43UPpos.js                           [39m[1m[2m  0.20 kB[22m[1m[22m[2m │ gzip:   0.18 kB[22m
[2mdist/client/[22m[36massets/circle-x-BBoOZozl.js                       [39m[1m[2m  0.21 kB[22m[1m[22m[2m │ gzip:   0.18 kB[22m
[2mdist/client/[22m[36massets/login-BxvOrhAa.js                          [39m[1m[2m  0.22 kB[22m[1m[22m[2m │ gzip:   0.19 kB[22m
[2mdist/client/[22m[36massets/ellipsis-CQ6HY1V-.js                       [39m[1m[2m  0.23 kB[22m[1m[22m[2m │ gzip:   0.16 kB[22m
[2mdist/client/[22m[36massets/upload-BcG69zZh.js                         [39m[1m[2m  0.23 kB[22m[1m[22m[2m │ gzip:   0.19 kB[22m
[2mdist/client/[22m[36massets/index-DVj7tk3m.js                          [39m[1m[2m  0.23 kB[22m[1m[22m[2m │ gzip:   0.17 kB[22m
[2mdist/client/[22m[36massets/log-in-CEjtDDRe.js                         [39m[1m[2m  0.23 kB[22m[1m[22m[2m │ gzip:   0.19 kB[22m
[2mdist/client/[22m[36massets/download-Bhd-zL1I.js                       [39m[1m[2m  0.23 kB[22m[1m[22m[2m │ gzip:   0.19 kB[22m
[2mdist/client/[22m[36massets/copy-_2ozRHE6.js                           [39m[1m[2m  0.24 kB[22m[1m[22m[2m │ gzip:   0.21 kB[22m
[2mdist/client/[22m[36massets/external-link-cFFsiW2X.js                  [39m[1m[2m  0.25 kB[22m[1m[22m[2m │ gzip:   0.20 kB[22m
[2mdist/client/[22m[36massets/users-round-gN0-2vpW.js                    [39m[1m[2m  0.25 kB[22m[1m[22m[2m │ gzip:   0.22 kB[22m
[2mdist/client/[22m[36massets/relationship-signals-CD97Scdy.js           [39m[1m[2m  0.27 kB[22m[1m[22m[2m │ gzip:   0.22 kB[22m
[2mdist/client/[22m[36massets/file-BWAskJqf.js                           [39m[1m[2m  0.27 kB[22m[1m[22m[2m │ gzip:   0.21 kB[22m
[2mdist/client/[22m[36massets/send-CYnb650R.js                           [39m[1m[2m  0.29 kB[22m[1m[22m[2m │ gzip:   0.23 kB[22m
[2mdist/client/[22m[36massets/money-ByUwRRhT.js                          [39m[1m[2m  0.29 kB[22m[1m[22m[2m │ gzip:   0.21 kB[22m
[2mdist/client/[22m[36massets/index-BGcy8y78.js                          [39m[1m[2m  0.30 kB[22m[1m[22m[2m │ gzip:   0.25 kB[22m
[2mdist/client/[22m[36massets/users-T5PDqtJZ.js                          [39m[1m[2m  0.31 kB[22m[1m[22m[2m │ gzip:   0.23 kB[22m
[2mdist/client/[22m[36massets/label-B7YBdCMa.js                          [39m[1m[2m  0.32 kB[22m[1m[22m[2m │ gzip:   0.24 kB[22m
[2mdist/client/[22m[36massets/briefcase-business-Blv8OOay.js             [39m[1m[2m  0.33 kB[22m[1m[22m[2m │ gzip:   0.25 kB[22m
[2mdist/client/[22m[36massets/leads._id-BnBu-4do.js                      [39m[1m[2m  0.33 kB[22m[1m[22m[2m │ gzip:   0.25 kB[22m
[2mdist/client/[22m[36massets/save-C-LlkUzw.js                           [39m[1m[2m  0.33 kB[22m[1m[22m[2m │ gzip:   0.23 kB[22m
[2mdist/client/[22m[36massets/trash-2-Dd9KvLeT.js                        [39m[1m[2m  0.33 kB[22m[1m[22m[2m │ gzip:   0.22 kB[22m
[2mdist/client/[22m[36massets/quotes._id-BJ_MosNQ.js                     [39m[1m[2m  0.33 kB[22m[1m[22m[2m │ gzip:   0.25 kB[22m
[2mdist/client/[22m[36massets/agents._name-BFCDyRSD.js                   [39m[1m[2m  0.33 kB[22m[1m[22m[2m │ gzip:   0.25 kB[22m
[2mdist/client/[22m[36massets/clients._id-d1n6Fyob.js                    [39m[1m[2m  0.33 kB[22m[1m[22m[2m │ gzip:   0.25 kB[22m
[2mdist/client/[22m[36massets/business-date-Conlcp26.js                  [39m[1m[2m  0.34 kB[22m[1m[22m[2m │ gzip:   0.28 kB[22m
[2mdist/client/[22m[36massets/key-round-ByluiIi-.js                      [39m[1m[2m  0.36 kB[22m[1m[22m[2m │ gzip:   0.26 kB[22m
[2mdist/client/[22m[36massets/job-sheet-status-badge-DGPepl2Z.js         [39m[1m[2m  0.38 kB[22m[1m[22m[2m │ gzip:   0.27 kB[22m
[2mdist/client/[22m[36massets/summary-row-Bd1HrsAf.js                    [39m[1m[2m  0.38 kB[22m[1m[22m[2m │ gzip:   0.27 kB[22m
[2mdist/client/[22m[36massets/textarea-CZ2GDWqd.js                       [39m[1m[2m  0.46 kB[22m[1m[22m[2m │ gzip:   0.32 kB[22m
[2mdist/client/[22m[36massets/phone-DJ2iGsbQ.js                          [39m[1m[2m  0.49 kB[22m[1m[22m[2m │ gzip:   0.33 kB[22m
[2mdist/client/[22m[36massets/use-quote-reference-data-7DAmvNv5.js       [39m[1m[2m  0.50 kB[22m[1m[22m[2m │ gzip:   0.36 kB[22m
[2mdist/client/[22m[36massets/quote-document-V_pgpvo5.js                 [39m[1m[2m  0.51 kB[22m[1m[22m[2m │ gzip:   0.26 kB[22m
[2mdist/client/[22m[36massets/quote-to-cash-D2lEFhWi.js                  [39m[1m[2m  0.60 kB[22m[1m[22m[2m │ gzip:   0.38 kB[22m
[2mdist/client/[22m[36massets/engagement-utils-0H9nDFLe.js               [39m[1m[2m  0.60 kB[22m[1m[22m[2m │ gzip:   0.37 kB[22m
[2mdist/client/[22m[36massets/empty-state-BisMlYgW.js                    [39m[1m[2m  0.61 kB[22m[1m[22m[2m │ gzip:   0.33 kB[22m
[2mdist/client/[22m[36massets/page-header-BEgZx1Lg.js                    [39m[1m[2m  0.61 kB[22m[1m[22m[2m │ gzip:   0.35 kB[22m
[2mdist/client/[22m[36massets/users-0tIfZiev.js                          [39m[1m[2m  0.62 kB[22m[1m[22m[2m │ gzip:   0.27 kB[22m
[2mdist/client/[22m[36massets/checkbox-QWJKezGE.js                       [39m[1m[2m  0.68 kB[22m[1m[22m[2m │ gzip:   0.39 kB[22m
[2mdist/client/[22m[36massets/client-contacts-Bi2VxDrT.js                [39m[1m[2m  0.70 kB[22m[1m[22m[2m │ gzip:   0.41 kB[22m
[2mdist/client/[22m[36massets/badge-C_ZWUucd.js                          [39m[1m[2m  0.72 kB[22m[1m[22m[2m │ gzip:   0.38 kB[22m
[2mdist/client/[22m[36massets/quotes._id_.pdf-CJkXZ2EZ.js                [39m[1m[2m  0.73 kB[22m[1m[22m[2m │ gzip:   0.45 kB[22m
[2mdist/client/[22m[36massets/command-header-DZwRDVhh.js                 [39m[1m[2m  0.79 kB[22m[1m[22m[2m │ gzip:   0.40 kB[22m
[2mdist/client/[22m[36massets/qualification-CxddfF9g.js                  [39m[1m[2m  0.83 kB[22m[1m[22m[2m │ gzip:   0.44 kB[22m
[2mdist/client/[22m[36massets/list-pagination-DGLpxyEL.js                [39m[1m[2m  0.89 kB[22m[1m[22m[2m │ gzip:   0.49 kB[22m
[2mdist/client/[22m[36massets/index-C2MhAVD2.js                          [39m[1m[2m  0.93 kB[22m[1m[22m[2m │ gzip:   0.56 kB[22m
[2mdist/client/[22m[36massets/card-DSFB8ndV.js                           [39m[1m[2m  0.99 kB[22m[1m[22m[2m │ gzip:   0.36 kB[22m
[2mdist/client/[22m[36massets/use-company-workspace-section-bptVfvOE.js  [39m[1m[2m  1.00 kB[22m[1m[22m[2m │ gzip:   0.58 kB[22m
[2mdist/client/[22m[36massets/invite._token.complete-DUOdjcTP.js         [39m[1m[2m  1.01 kB[22m[1m[22m[2m │ gzip:   0.53 kB[22m
[2mdist/client/[22m[36massets/index-BHOJQe5D.js                          [39m[1m[2m  1.27 kB[22m[1m[22m[2m │ gzip:   0.63 kB[22m
[2mdist/client/[22m[36massets/invite._token-3Ja8Pc5q.js                  [39m[1m[2m  1.47 kB[22m[1m[22m[2m │ gzip:   0.79 kB[22m
[2mdist/client/[22m[36massets/table-CIA52awk.js                          [39m[1m[2m  1.56 kB[22m[1m[22m[2m │ gzip:   0.53 kB[22m
[2mdist/client/[22m[36massets/login-auth-page-B57aOZ6N.js                [39m[1m[2m  1.68 kB[22m[1m[22m[2m │ gzip:   0.76 kB[22m
[2mdist/client/[22m[36massets/work-surface-empty-BusWkWhV.js             [39m[1m[2m  1.98 kB[22m[1m[22m[2m │ gzip:   0.83 kB[22m
[2mdist/client/[22m[36massets/dialog-BcZHA0ro.js                         [39m[1m[2m  1.98 kB[22m[1m[22m[2m │ gzip:   0.80 kB[22m
[2mdist/client/[22m[36massets/status-badge-pH8sXp7f.js                   [39m[1m[2m  2.05 kB[22m[1m[22m[2m │ gzip:   0.59 kB[22m
[2mdist/client/[22m[36massets/policy-BBGHpCOJ.js                         [39m[1m[2m  2.05 kB[22m[1m[22m[2m │ gzip:   0.49 kB[22m
[2mdist/client/[22m[36massets/admin-DgZDi4S4.js                          [39m[1m[2m  2.51 kB[22m[1m[22m[2m │ gzip:   1.18 kB[22m
[2mdist/client/[22m[36massets/job-sheets-CJlwSBoe.js                     [39m[1m[2m  2.60 kB[22m[1m[22m[2m │ gzip:   1.23 kB[22m
[2mdist/client/[22m[36massets/admin.teams._id-C_aXW6S_.js                [39m[1m[2m  2.72 kB[22m[1m[22m[2m │ gzip:   1.31 kB[22m
[2mdist/client/[22m[36massets/index-DbUFTrDd.js                          [39m[1m[2m  3.31 kB[22m[1m[22m[2m │ gzip:   1.48 kB[22m
[2mdist/client/[22m[36massets/tabs-B4Fqd_1m.js                           [39m[1m[2m  3.33 kB[22m[1m[22m[2m │ gzip:   1.40 kB[22m
[2mdist/client/[22m[36massets/sales-workspace-DSUarpPH.js                [39m[1m[2m  3.37 kB[22m[1m[22m[2m │ gzip:   1.46 kB[22m
[2mdist/client/[22m[36massets/clients.import-1pUCGDqu.js                 [39m[1m[2m  3.47 kB[22m[1m[22m[2m │ gzip:   1.68 kB[22m
[2mdist/client/[22m[36massets/switch-DcWOy4gq.js                         [39m[1m[2m  3.49 kB[22m[1m[22m[2m │ gzip:   1.53 kB[22m
[2mdist/client/[22m[36massets/index-B0lOCtE8.js                          [39m[1m[2m  3.49 kB[22m[1m[22m[2m │ gzip:   1.59 kB[22m
[2mdist/client/[22m[36massets/alert-dialog-CVdPyjuu.js                   [39m[1m[2m  3.52 kB[22m[1m[22m[2m │ gzip:   1.19 kB[22m
[2mdist/client/[22m[36massets/reports-BmjmflWf.js                        [39m[1m[2m  3.68 kB[22m[1m[22m[2m │ gzip:   1.67 kB[22m
[2mdist/client/[22m[36massets/notifications-BGXNNzyK.js                  [39m[1m[2m  3.78 kB[22m[1m[22m[2m │ gzip:   1.55 kB[22m
[2mdist/client/[22m[36massets/user-detail-panel-D9azO_7h.js              [39m[1m[2m  3.83 kB[22m[1m[22m[2m │ gzip:   1.07 kB[22m
[2mdist/client/[22m[36massets/job-sheet-editor-C8rLfw6i.js               [39m[1m[2m  4.50 kB[22m[1m[22m[2m │ gzip:   1.50 kB[22m
[2mdist/client/[22m[36massets/ai-review-oOqYXGrl.js                      [39m[1m[2m  4.70 kB[22m[1m[22m[2m │ gzip:   2.02 kB[22m
[2mdist/client/[22m[36massets/quote-document-tools-BhxlE4Xr.js           [39m[1m[2m  4.87 kB[22m[1m[22m[2m │ gzip:   1.55 kB[22m
[2mdist/client/[22m[36massets/admin.people._id-BqdjPpMi.js               [39m[1m[2m  5.11 kB[22m[1m[22m[2m │ gzip:   1.54 kB[22m
[2mdist/client/[22m[36massets/admin.index-DOfoMN2V.js                    [39m[1m[2m  5.42 kB[22m[1m[22m[2m │ gzip:   1.69 kB[22m
[2mdist/client/[22m[36massets/quote-pdf-source-Cf1Rn8-E.js               [39m[1m[2m  5.47 kB[22m[1m[22m[2m │ gzip:   1.67 kB[22m
[2mdist/client/[22m[36massets/relationships-COK-j04B.js                  [39m[1m[2m  5.72 kB[22m[1m[22m[2m │ gzip:   2.36 kB[22m
[2mdist/client/[22m[36massets/agents-Bjau1whh.js                         [39m[1m[2m  6.26 kB[22m[1m[22m[2m │ gzip:   2.36 kB[22m
[2mdist/client/[22m[36massets/admin.audit-DJIuYHQJ.js                    [39m[1m[2m  7.16 kB[22m[1m[22m[2m │ gzip:   2.03 kB[22m
[2mdist/client/[22m[36massets/campaigns-CLGVSDnX.js                      [39m[1m[2m  7.23 kB[22m[1m[22m[2m │ gzip:   2.37 kB[22m
[2mdist/client/[22m[36massets/admin.teams-ChwjKF2i.js                    [39m[1m[2m  8.42 kB[22m[1m[22m[2m │ gzip:   2.88 kB[22m
[2mdist/client/[22m[36massets/tasks-KBQtiuxL.js                          [39m[1m[2m  8.54 kB[22m[1m[22m[2m │ gzip:   3.28 kB[22m
[2mdist/client/[22m[36massets/clients-B_V74yxG.js                        [39m[1m[2m  8.58 kB[22m[1m[22m[2m │ gzip:   3.01 kB[22m
[2mdist/client/[22m[36massets/quotes-Co8xpAvJ.js                         [39m[1m[2m  9.15 kB[22m[1m[22m[2m │ gzip:   3.21 kB[22m
[2mdist/client/[22m[36massets/dashboard-insights-DkORln7p.js             [39m[1m[2m 11.43 kB[22m[1m[22m[2m │ gzip:   3.27 kB[22m
[2mdist/client/[22m[36massets/campaigns._id-BKPx6xiE.js                  [39m[1m[2m 11.61 kB[22m[1m[22m[2m │ gzip:   3.85 kB[22m
[2mdist/client/[22m[36massets/leads-CC7AoFqL.js                          [39m[1m[2m 12.99 kB[22m[1m[22m[2m │ gzip:   4.36 kB[22m
[2mdist/client/[22m[36massets/leads._id-DbS9srXQ.js                      [39m[1m[2m 14.23 kB[22m[1m[22m[2m │ gzip:   4.01 kB[22m
[2mdist/client/[22m[36massets/approvals-DJ2L9n5_.js                      [39m[1m[2m 14.52 kB[22m[1m[22m[2m │ gzip:   4.75 kB[22m
[2mdist/client/[22m[36massets/settings-BRjC0FyT.js                       [39m[1m[2m 14.64 kB[22m[1m[22m[2m │ gzip:   4.23 kB[22m
[2mdist/client/[22m[36massets/clients._id-Wk0LuGYL.js                    [39m[1m[2m 14.95 kB[22m[1m[22m[2m │ gzip:   4.38 kB[22m
[2mdist/client/[22m[36massets/job-sheets._id-C3AY7hkP.js                 [39m[1m[2m 15.23 kB[22m[1m[22m[2m │ gzip:   4.60 kB[22m
[2mdist/client/[22m[36massets/renewals-wz-gmEPN.js                       [39m[1m[2m 15.84 kB[22m[1m[22m[2m │ gzip:   5.31 kB[22m
[2mdist/client/[22m[36massets/organization-unit-dialog-BUVHRMdA.js       [39m[1m[2m 16.03 kB[22m[1m[22m[2m │ gzip:   3.90 kB[22m
[2mdist/client/[22m[36massets/accounts-DejCjyFG.js                       [39m[1m[2m 16.08 kB[22m[1m[22m[2m │ gzip:   5.35 kB[22m
[2mdist/client/[22m[36massets/agents._name-Bx-YJ6So.js                   [39m[1m[2m 16.24 kB[22m[1m[22m[2m │ gzip:   5.78 kB[22m
[2mdist/client/[22m[36massets/index-r54ZC0vn.js                          [39m[1m[2m 17.01 kB[22m[1m[22m[2m │ gzip:   6.02 kB[22m
[2mdist/client/[22m[36massets/index-Dxzc-acf.js                          [39m[1m[2m 17.22 kB[22m[1m[22m[2m │ gzip:   5.27 kB[22m
[2mdist/client/[22m[36massets/admin.access-BFkM6oOD.js                   [39m[1m[2m 17.34 kB[22m[1m[22m[2m │ gzip:   4.48 kB[22m
[2mdist/client/[22m[36massets/account-9CEY0SHj.js                        [39m[1m[2m 17.49 kB[22m[1m[22m[2m │ gzip:   3.67 kB[22m
[2mdist/client/[22m[36massets/quotes.new-B031SjFZ.js                     [39m[1m[2m 17.97 kB[22m[1m[22m[2m │ gzip:   5.14 kB[22m
[2mdist/client/[22m[36massets/select-CwD-RxCF.js                         [39m[1m[2m 21.71 kB[22m[1m[22m[2m │ gzip:   7.47 kB[22m
[2mdist/client/[22m[36massets/accounts._id-BmCg844g.js                   [39m[1m[2m 22.27 kB[22m[1m[22m[2m │ gzip:   6.48 kB[22m
[2mdist/client/[22m[36massets/admin.people-CBZU3Rcq.js                   [39m[1m[2m 29.42 kB[22m[1m[22m[2m │ gzip:   7.04 kB[22m
[2mdist/client/[22m[36massets/quotes._id-K9tUr2z5.js                     [39m[1m[2m 34.41 kB[22m[1m[22m[2m │ gzip:   9.79 kB[22m
[2mdist/client/[22m[36massets/index-mOCbbrqa.js                          [39m[1m[2m 87.54 kB[22m[1m[22m[2m │ gzip:  29.67 kB[22m
[2mdist/client/[22m[36massets/vendor-charts-DFR8qTfX.js                  [39m[1m[2m317.64 kB[22m[1m[22m[2m │ gzip:  80.64 kB[22m
[2mdist/client/[22m[36massets/login-auth-form-ECRDMK4L.js                [39m[1m[33m614.48 kB[39m[22m[2m │ gzip: 174.53 kB[22m
[2mdist/client/[22m[36massets/index-BrOEIxii.js                          [39m[1m[33m658.48 kB[39m[22m[2m │ gzip: 207.96 kB[22m
[33m
(!) Some chunks are larger than 500 kB after minification. Consider:
- Using dynamic import() to code-split the application
- Use build.rollupOptions.output.manualChunks to improve chunking: https://rollupjs.org/configuration-options/#output-manualchunks
- Adjust chunk size limit for this warning via build.chunkSizeWarningLimit.[39m
[32m✓ built in 26.58s[39m
[36mvite v7.3.5 [32mbuilding ssr environment for production...[36m[39m
transforming...
[33m"createRequestHandler", "defineHandlerCallback", "transformPipeableStreamWithRouter" and "transformReadableStreamWithRouter" are imported from external module "@tanstack/router-core/ssr/server" but never used in "node_modules/@tanstack/start-server-core/dist/esm/index.js".[39m
[33m"RawStream" is imported from external module "@tanstack/router-core" but never used in "node_modules/@tanstack/start-client-core/dist/esm/index.js".[39m
[33m"hydrate" and "json" are imported from external module "@tanstack/router-core/ssr/client" but never used in "node_modules/@tanstack/start-client-core/dist/esm/index.js".[39m
[32m✓[39m 426 modules transformed.
rendering chunks...
[2mdist/server/[22m[32m.vite/manifest.json                               [39m[1m[2m115.16 kB[22m[1m[22m
[2mdist/server/[22m[36massets/empty-plugin-adapters-BFgPZ6_d.js          [39m[1m[2m  0.13 kB[22m[1m[22m
[2mdist/server/[22m[36massets/errors-DuUK5Cl3.js                         [39m[1m[2m  0.18 kB[22m[1m[22m
[2mdist/server/[22m[36massets/leads._id-BtD0WgBh.js                      [39m[1m[2m  0.24 kB[22m[1m[22m
[2mdist/server/[22m[36massets/createServerRpc-D_-6bKnO.js                [39m[1m[2m  0.30 kB[22m[1m[22m
[2mdist/server/[22m[36massets/routing-utils-BV6YIUgG.js                  [39m[1m[2m  0.35 kB[22m[1m[22m
[2mdist/server/[22m[36massets/leads._id-DpQ6Qk_G.js                      [39m[1m[2m  0.50 kB[22m[1m[22m
[2mdist/server/[22m[36massets/quotes._id-SgK8ypvK.js                     [39m[1m[2m  0.50 kB[22m[1m[22m
[2mdist/server/[22m[36massets/summary-row-BYRpuphq.js                    [39m[1m[2m  0.50 kB[22m[1m[22m
[2mdist/server/[22m[36massets/agents._name-Bvay1KrB.js                   [39m[1m[2m  0.50 kB[22m[1m[22m
[2mdist/server/[22m[36massets/clients._id-BmsK4RFh.js                    [39m[1m[2m  0.50 kB[22m[1m[22m
[2mdist/server/[22m[36massets/job-sheet-status-badge-D5FP1eVO.js         [39m[1m[2m  0.53 kB[22m[1m[22m
[2mdist/server/[22m[36massets/label-Ca0HnElu.js                          [39m[1m[2m  0.60 kB[22m[1m[22m
[2mdist/server/[22m[36massets/serializable-DUfhk7Pp.js                   [39m[1m[2m  0.61 kB[22m[1m[22m
[2mdist/server/[22m[36massets/business-date-CwubIVRw.js                  [39m[1m[2m  0.62 kB[22m[1m[22m
[2mdist/server/[22m[36massets/pagination-DZpw-vf-.js                     [39m[1m[2m  0.69 kB[22m[1m[22m
[2mdist/server/[22m[36massets/textarea-YcTz7FWF.js                       [39m[1m[2m  0.70 kB[22m[1m[22m
[2mdist/server/[22m[36massets/n8n-QK261d9P.js                            [39m[1m[2m  0.71 kB[22m[1m[22m
[2mdist/server/[22m[36massets/workspace-preferences-CLrrZasj.js          [39m[1m[2m  0.81 kB[22m[1m[22m
[2mdist/server/[22m[36massets/page-header-CbaSVvJr.js                    [39m[1m[2m  0.82 kB[22m[1m[22m
[2mdist/server/[22m[36massets/empty-state-WIxoEazm.js                    [39m[1m[2m  0.88 kB[22m[1m[22m
[2mdist/server/[22m[36massets/users-DfPANssQ.js                          [39m[1m[2m  0.89 kB[22m[1m[22m
[2mdist/server/[22m[36massets/relationship-signals-DtrjXhss.js           [39m[1m[2m  0.90 kB[22m[1m[22m
[2mdist/server/[22m[36massets/badge-DWpC-fd2.js                          [39m[1m[2m  0.99 kB[22m[1m[22m
[2mdist/server/[22m[36massets/activity-logs-CRUxcnji.js                  [39m[1m[2m  0.99 kB[22m[1m[22m
[2mdist/server/[22m[36massets/checkbox-BnmikWzC.js                       [39m[1m[2m  1.00 kB[22m[1m[22m
[2mdist/server/[22m[36massets/quote-document-DSJf1MyZ.js                 [39m[1m[2m  1.01 kB[22m[1m[22m
[2mdist/server/[22m[36massets/query-builders-DksCDhL1.js                 [39m[1m[2m  1.08 kB[22m[1m[22m
[2mdist/server/[22m[36massets/use-quote-reference-data-CRsNLgtI.js       [39m[1m[2m  1.09 kB[22m[1m[22m
[2mdist/server/[22m[36massets/postgres-error-DPFmnQMu.js                 [39m[1m[2m  1.10 kB[22m[1m[22m
[2mdist/server/[22m[36massets/command-header-DSJ1fggs.js                 [39m[1m[2m  1.11 kB[22m[1m[22m
[2mdist/server/[22m[36massets/switch-C7kzsNtp.js                         [39m[1m[2m  1.14 kB[22m[1m[22m
[2mdist/server/[22m[36massets/engagement-utils-BrDL9LMK.js               [39m[1m[2m  1.30 kB[22m[1m[22m
[2mdist/server/[22m[36massets/client-contacts-CH-FAU0w.js                [39m[1m[2m  1.32 kB[22m[1m[22m
[2mdist/server/[22m[36massets/invite._token.complete-D_PI4b3w.js         [39m[1m[2m  1.34 kB[22m[1m[22m
[2mdist/server/[22m[36massets/types-8wCWwoF9.js                          [39m[1m[2m  1.36 kB[22m[1m[22m
[2mdist/server/[22m[36massets/products-BTTMrrXF.js                       [39m[1m[2m  1.48 kB[22m[1m[22m
[2mdist/server/[22m[36massets/start-m8EJ-9NG.js                          [39m[1m[2m  1.50 kB[22m[1m[22m
[2mdist/server/[22m[36massets/client-contacts-DnvsjPjn.js                [39m[1m[2m  1.53 kB[22m[1m[22m
[2mdist/server/[22m[36massets/list-pagination-CE10gWms.js                [39m[1m[2m  1.58 kB[22m[1m[22m
[2mdist/server/[22m[36massets/card-D15yNUR1.js                           [39m[1m[2m  1.62 kB[22m[1m[22m
[2mdist/server/[22m[36massets/tabs-rMC4iUsm.js                           [39m[1m[2m  1.74 kB[22m[1m[22m
[2mdist/server/[22m[36massets/csv-import-B0VhaFEF.js                     [39m[1m[2m  1.79 kB[22m[1m[22m
[2mdist/server/[22m[36massets/login-auth-page-BfkVWxnk.js                [39m[1m[2m  1.94 kB[22m[1m[22m
[2mdist/server/[22m[36massets/tasks-CFLxsg79.js                          [39m[1m[2m  2.01 kB[22m[1m[22m
[2mdist/server/[22m[36massets/login._authPath-_StL1V1o.js                [39m[1m[2m  2.05 kB[22m[1m[22m
[2mdist/server/[22m[36massets/notifications-vLn9cZMs.js                  [39m[1m[2m  2.09 kB[22m[1m[22m
[2mdist/server/[22m[36massets/login-xBvFhgv1.js                          [39m[1m[2m  2.13 kB[22m[1m[22m
[2mdist/server/[22m[36massets/neon.server-C8igl_-7.js                    [39m[1m[2m  2.16 kB[22m[1m[22m
[2mdist/server/[22m[36massets/app-shell-BN0kUEwT.js                      [39m[1m[2m  2.28 kB[22m[1m[22m
[2mdist/server/[22m[36massets/table-QubQdwdn.js                          [39m[1m[2m  2.42 kB[22m[1m[22m
[2mdist/server/[22m[36massets/use-company-workspace-section-3U1pMa5j.js  [39m[1m[2m  2.45 kB[22m[1m[22m
[2mdist/server/[22m[36massets/tasks-DP_WRxlD.js                          [39m[1m[2m  2.78 kB[22m[1m[22m
[2mdist/server/[22m[36massets/status-badge-DsdLGn4d.js                   [39m[1m[2m  2.78 kB[22m[1m[22m
[2mdist/server/[22m[36massets/notifications-BlFkKz2E.js                  [39m[1m[2m  2.79 kB[22m[1m[22m
[2mdist/server/[22m[36massets/relationship-signals-DI2-6lnI.js           [39m[1m[2m  2.89 kB[22m[1m[22m
[2mdist/server/[22m[36massets/quotes._id_.pdf-z1iVYFix.js                [39m[1m[2m  2.95 kB[22m[1m[22m
[2mdist/server/[22m[36massets/work-surface-empty-B1eCSa0K.js             [39m[1m[2m  3.01 kB[22m[1m[22m
[2mdist/server/[22m[36massets/ai-note-tidy-Bv0ddV-Y.js                   [39m[1m[2m  3.01 kB[22m[1m[22m
[2mdist/server/[22m[36massets/approvals-D8tfjEad.js                      [39m[1m[2m  3.05 kB[22m[1m[22m
[2mdist/server/[22m[36massets/agents-BE32YpZg.js                         [39m[1m[2m  3.10 kB[22m[1m[22m
[2mdist/server/[22m[36massets/login-auth-form-BZ1a5d9v.js                [39m[1m[2m  3.20 kB[22m[1m[22m
[2mdist/server/[22m[36massets/workspace-preferences-BfTgvtzH.js          [39m[1m[2m  3.27 kB[22m[1m[22m
[2mdist/server/[22m[36massets/dialog-Dlq_tebn.js                         [39m[1m[2m  3.27 kB[22m[1m[22m
[2mdist/server/[22m[36massets/products-D3yV8BcQ.js                       [39m[1m[2m  3.30 kB[22m[1m[22m
[2mdist/server/[22m[36massets/alert-dialog-BupC6GOr.js                   [39m[1m[2m  3.42 kB[22m[1m[22m
[2mdist/server/[22m[36massets/accounts-index-4y-8gYqb.js                 [39m[1m[2m  3.46 kB[22m[1m[22m
[2mdist/server/[22m[36massets/approvals-DEMLCSAw.js                      [39m[1m[2m  3.51 kB[22m[1m[22m
[2mdist/server/[22m[36massets/auth-DfB6sFhB.js                           [39m[1m[2m  3.55 kB[22m[1m[22m
[2mdist/server/[22m[36massets/search-HIGZjq4C.js                         [39m[1m[2m  3.67 kB[22m[1m[22m
[2mdist/server/[22m[36massets/invite._token-BX0cwOoi.js                  [39m[1m[2m  3.70 kB[22m[1m[22m
[2mdist/server/[22m[36massets/client-contacts-CiOlDINV.js                [39m[1m[2m  3.78 kB[22m[1m[22m
[2mdist/server/[22m[36massets/neon-auth.server-DHEI1Bmt.js               [39m[1m[2m  3.87 kB[22m[1m[22m
[2mdist/server/[22m[36massets/clients-BY-PXfoE.js                        [39m[1m[2m  3.95 kB[22m[1m[22m
[2mdist/server/[22m[36massets/agent-runs-Ci5ms6NE.js                     [39m[1m[2m  3.99 kB[22m[1m[22m
[2mdist/server/[22m[36massets/workspace-preferences-HxV4UOME.js          [39m[1m[2m  4.06 kB[22m[1m[22m
[2mdist/server/[22m[36massets/touchpoints-6T7E2vQn.js                    [39m[1m[2m  4.17 kB[22m[1m[22m
[2mdist/server/[22m[36massets/client-workspace-B2_8uW9-.js               [39m[1m[2m  4.21 kB[22m[1m[22m
[2mdist/server/[22m[36massets/client-workspace-EuzO2Qvj.js               [39m[1m[2m  4.24 kB[22m[1m[22m
[2mdist/server/[22m[36massets/clients-Ko22JBXa.js                        [39m[1m[2m  4.35 kB[22m[1m[22m
[2mdist/server/[22m[36massets/admin-Bg0bHUul.js                          [39m[1m[2m  4.47 kB[22m[1m[22m
[2mdist/server/[22m[36massets/vendor-charts-DuLB6GdW.js                  [39m[1m[2m  4.65 kB[22m[1m[22m
[2mdist/server/[22m[36massets/quote-versions-CRbJhIrE.js                 [39m[1m[2m  4.68 kB[22m[1m[22m
[2mdist/server/[22m[36massets/select-DgI9cHPe.js                         [39m[1m[2m  4.97 kB[22m[1m[22m
[2mdist/server/[22m[36massets/job-sheets-OVZDxRTj.js                     [39m[1m[2m  5.12 kB[22m[1m[22m
[2mdist/server/[22m[36massets/admin-users-lLHrmRPG.js                    [39m[1m[2m  5.40 kB[22m[1m[22m
[2mdist/server/[22m[36massets/user-detail-panel-CaP-OxIa.js              [39m[1m[2m  5.48 kB[22m[1m[22m
[2mdist/server/[22m[36massets/policy-CGs0RmUH.js                         [39m[1m[2m  5.58 kB[22m[1m[22m
[2mdist/server/[22m[36massets/relationship-workspaces--qd74FTs.js        [39m[1m[2m  5.71 kB[22m[1m[22m
[2mdist/server/[22m[36massets/schemas-Cv3yzqmV.js                        [39m[1m[2m  5.99 kB[22m[1m[22m
[2mdist/server/[22m[36massets/dashboard-Ct1qO572.js                      [39m[1m[2m  6.18 kB[22m[1m[22m
[2mdist/server/[22m[36massets/sales-workspace-DRnAevGT.js                [39m[1m[2m  6.19 kB[22m[1m[22m
[2mdist/server/[22m[36massets/job-sheets-D3VzuVhR.js                     [39m[1m[2m  6.25 kB[22m[1m[22m
[2mdist/server/[22m[36massets/relationship-signals-BmnenA7j.js           [39m[1m[2m  6.29 kB[22m[1m[22m
[2mdist/server/[22m[36massets/event-import-Dtt2FEgN.js                   [39m[1m[2m  6.35 kB[22m[1m[22m
[2mdist/server/[22m[36massets/client-import-wS5_rLmK.js                  [39m[1m[2m  6.69 kB[22m[1m[22m
[2mdist/server/[22m[36massets/event-import-B9JOrFMU.js                   [39m[1m[2m  6.90 kB[22m[1m[22m
[2mdist/server/[22m[36massets/engagements-D7KB1_Dr.js                    [39m[1m[2m  7.01 kB[22m[1m[22m
[2mdist/server/[22m[36massets/admin.teams._id-CYMhZeB7.js                [39m[1m[2m  7.20 kB[22m[1m[22m
[2mdist/server/[22m[36massets/agent-runs-D2as5Cff.js                     [39m[1m[2m  7.21 kB[22m[1m[22m
[2mdist/server/[22m[36massets/reports-BiWp7PHS.js                        [39m[1m[2m  7.34 kB[22m[1m[22m
[2mdist/server/[22m[36massets/accounts-CVwCRo_3.js                       [39m[1m[2m  7.44 kB[22m[1m[22m
[2mdist/server/[22m[36massets/notifications-CtcZxAQU.js                  [39m[1m[2m  7.56 kB[22m[1m[22m
[2mdist/server/[22m[36massets/clients.import-jGz_sAqD.js                 [39m[1m[2m  7.62 kB[22m[1m[22m
[2mdist/server/[22m[36massets/campaigns-BRdY_-Qy.js                      [39m[1m[2m  7.64 kB[22m[1m[22m
[2mdist/server/[22m[36massets/campaigns-BbkXjTcD.js                      [39m[1m[2m  7.84 kB[22m[1m[22m
[2mdist/server/[22m[36massets/reassignment.server-B4_nKF-O.js            [39m[1m[2m  7.97 kB[22m[1m[22m
[2mdist/server/[22m[36massets/leads-Djq76bCt.js                          [39m[1m[2m  8.41 kB[22m[1m[22m
[2mdist/server/[22m[36massets/job-sheet-editor-6N9N6dU2.js               [39m[1m[2m  8.46 kB[22m[1m[22m
[2mdist/server/[22m[36massets/quote-workspace-DwWF8we_.js                [39m[1m[2m  8.71 kB[22m[1m[22m
[2mdist/server/[22m[36massets/quote-pdf-source-Df_BJKyh.js               [39m[1m[2m  8.80 kB[22m[1m[22m
[2mdist/server/[22m[36massets/admin.index-kfAME6Bo.js                    [39m[1m[2m  9.22 kB[22m[1m[22m
[2mdist/server/[22m[36massets/admin.people._id-B_shuf6X.js               [39m[1m[2m  9.25 kB[22m[1m[22m
[2mdist/server/[22m[36massets/engagements-BTetVgnq.js                    [39m[1m[2m  9.40 kB[22m[1m[22m
[2mdist/server/[22m[36massets/ai-review-Drh7cHoE.js                      [39m[1m[2m  9.60 kB[22m[1m[22m
[2mdist/server/[22m[36massets/leads-7KMWckpX.js                          [39m[1m[2m  9.90 kB[22m[1m[22m
[2mdist/server/[22m[36massets/company-workspace-CbdDw0Ps.js              [39m[1m[2m 10.23 kB[22m[1m[22m
[2mdist/server/[22m[36massets/operations-KSmxxR2j.js                     [39m[1m[2m 11.08 kB[22m[1m[22m
[2mdist/server/[22m[36massets/quote-document-tools-DA5sHNo8.js           [39m[1m[2m 11.16 kB[22m[1m[22m
[2mdist/server/[22m[36massets/authorization.server-0W83xw_p.js           [39m[1m[2m 11.95 kB[22m[1m[22m
[2mdist/server/[22m[36massets/relationships-o8wLqtPE.js                  [39m[1m[2m 12.05 kB[22m[1m[22m
[2mdist/server/[22m[36massets/admin-access-U2cuBaVo.js                   [39m[1m[2m 12.13 kB[22m[1m[22m
[2mdist/server/[22m[36massets/agents-CUAu5oFD.js                         [39m[1m[2m 12.44 kB[22m[1m[22m
[2mdist/server/[22m[36massets/admin-users-BFfWVDeB.js                    [39m[1m[2m 12.64 kB[22m[1m[22m
[2mdist/server/[22m[36massets/admin.audit-Djcs0XqO.js                    [39m[1m[2m 12.67 kB[22m[1m[22m
[2mdist/server/[22m[36massets/campaigns-iScWX-Y7.js                      [39m[1m[2m 13.89 kB[22m[1m[22m
[2mdist/server/[22m[36massets/agents._name-DcK_5Agv.js                   [39m[1m[2m 14.63 kB[22m[1m[22m
[2mdist/server/[22m[36massets/quotes-CYhGieWx.js                         [39m[1m[2m 15.01 kB[22m[1m[22m
[2mdist/server/[22m[36massets/accounts-DcV4v2zU.js                       [39m[1m[2m 15.49 kB[22m[1m[22m
[2mdist/server/[22m[36massets/quotes-vQp_yAb2.js                         [39m[1m[2m 16.18 kB[22m[1m[22m
[2mdist/server/[22m[36massets/account-BWbpctDQ.js                        [39m[1m[2m 16.69 kB[22m[1m[22m
[2mdist/server/[22m[36massets/admin-users-DkZWFiML.js                    [39m[1m[2m 16.70 kB[22m[1m[22m
[2mdist/server/[22m[36massets/admin.teams-CpoBxEsJ.js                    [39m[1m[2m 17.07 kB[22m[1m[22m
[2mdist/server/[22m[36massets/tasks-DQLqgoca.js                          [39m[1m[2m 17.11 kB[22m[1m[22m
[2mdist/server/[22m[36massets/clients-DNk9iU1w.js                        [39m[1m[2m 17.11 kB[22m[1m[22m
[2mdist/server/[22m[36massets/admin-access-DuAa6i9S.js                   [39m[1m[2m 17.46 kB[22m[1m[22m
[2mdist/server/[22m[36massets/job-sheets-DEYDwFwB.js                     [39m[1m[2m 18.76 kB[22m[1m[22m
[2mdist/server/[22m[36massets/quotes-BZlbNXM1.js                         [39m[1m[2m 19.76 kB[22m[1m[22m
[2mdist/server/[22m[36massets/dashboard-insights-DyD_5TY4.js             [39m[1m[2m 20.21 kB[22m[1m[22m
[2mdist/server/[22m[36massets/_tanstack-start-manifest_v-BcgPy30D.js     [39m[1m[2m 20.56 kB[22m[1m[22m
[2mdist/server/[22m[36massets/admin-invitations-BlJDk_E0.js              [39m[1m[2m 20.76 kB[22m[1m[22m
[2mdist/server/[22m[36massets/campaigns._id-C06pf6AY.js                  [39m[1m[2m 21.27 kB[22m[1m[22m
[2mdist/server/[22m[36massets/admin-teams-C9mw7wlV.js                    [39m[1m[2m 23.62 kB[22m[1m[22m
[2mdist/server/[22m[36massets/leads-DY1RUr-f.js                          [39m[1m[2m 24.84 kB[22m[1m[22m
[2mdist/server/[22m[36massets/leads._id-DsTR3a95.js                      [39m[1m[2m 24.91 kB[22m[1m[22m
[2mdist/server/[22m[36massets/settings-Cez1DW_7.js                       [39m[1m[2m 25.87 kB[22m[1m[22m
[2mdist/server/[22m[36massets/accounts-DVPOKOhn.js                       [39m[1m[2m 27.47 kB[22m[1m[22m
[2mdist/server/[22m[36massets/organization-unit-dialog-BfF92ILj.js       [39m[1m[2m 27.62 kB[22m[1m[22m
[2mdist/server/[22m[36massets/clients._id-DSrtQtoz.js                    [39m[1m[2m 28.20 kB[22m[1m[22m
[2mdist/server/[22m[36massets/approvals-t33CuGFt.js                      [39m[1m[2m 28.31 kB[22m[1m[22m
[2mdist/server/[22m[36massets/index-CSieMNAH.js                          [39m[1m[2m 29.38 kB[22m[1m[22m
[2mdist/server/[22m[36massets/job-sheets._id-BbbyZRmL.js                 [39m[1m[2m 30.52 kB[22m[1m[22m
[2mdist/server/[22m[36massets/renewals-DqjHTZgl.js                       [39m[1m[2m 31.40 kB[22m[1m[22m
[2mdist/server/[22m[36massets/account-CLn6gLMF.js                        [39m[1m[2m 31.61 kB[22m[1m[22m
[2mdist/server/[22m[36massets/quotes.new-BiguBdCA.js                     [39m[1m[2m 32.19 kB[22m[1m[22m
[2mdist/server/[22m[36massets/admin.access-CJWPEDyT.js                   [39m[1m[2m 32.35 kB[22m[1m[22m
[2mdist/server/[22m[36massets/quotes._id-DUubuM7T.js                     [39m[1m[2m 40.36 kB[22m[1m[22m
[2mdist/server/[22m[36massets/accounts._id-CGQGFLWw.js                   [39m[1m[2m 40.48 kB[22m[1m[22m
[2mdist/server/[22m[36massets/admin.people-9lf75czP.js                   [39m[1m[2m 52.56 kB[22m[1m[22m
[2mdist/server/[22m[36mserver.js                                         [39m[1m[2m 97.50 kB[22m[1m[22m
[2mdist/server/[22m[36massets/router-CA6zzbQK.js                         [39m[1m[2m188.18 kB[22m[1m[22m
[32m✓ built in 10.12s[39m
VITE_BUILD_EXIT=0
